[ALERTA SPOOFING] 2025-03-18 22:43:29.374620 - Remitente: Celia Chao Martínez <celiachao2000@gmail.com>
[ALERTA SPOOFING] 2025-03-18 22:43:29.626494 - Remitente: Celia Chao <celiachaomartinz@icloud.com>
[ALERTA SPOOFING] 2025-03-18 22:43:29.795602 - Remitente: celiachao2000@gmail.com
[ALERTA SPOOFING] 2025-03-18 22:43:30.021952 - Remitente: celiachao2000@gmail.com
[ALERTA SPOOFING] 2025-03-18 22:43:30.263157 - Remitente: Google <no-reply@google.com>
[ALERTA SPOOFING] 2025-03-18 22:43:30.513314 - Remitente: Vulners Database <noreply@vulners.com>
[ALERTA SPOOFING] 2025-03-18 22:43:30.775020 - Remitente: Vulners Team <sales@vulners.com>
[ALERTA SPOOFING] 2025-03-18 22:43:31.022436 - Remitente: Vulners Team <sales@vulners.com>
[ALERTA SPOOFING] 2025-03-18 22:43:31.770930 - Remitente: Vulners Team <sales@vulners.com>
[ALERTA SPOOFING] 2025-03-18 22:43:33.719084 - Remitente: Celia Chao Martínez <celiachao2000@gmail.com>
[ALERTA SPOOFING] 2025-03-18 22:43:33.954829 - Remitente: Celia Chao <celiachaomartinz@icloud.com>
[ALERTA SPOOFING] 2025-03-18 22:43:34.167934 - Remitente: celiachao2000@gmail.com
[ALERTA SPOOFING] 2025-03-18 22:43:34.366938 - Remitente: celiachao2000@gmail.com
[ALERTA SPOOFING] 2025-03-18 22:43:34.660930 - Remitente: Google <no-reply@google.com>
[ALERTA SPOOFING] 2025-03-18 22:43:34.976715 - Remitente: Vulners Database <noreply@vulners.com>
[ALERTA SPOOFING] 2025-03-18 22:43:35.231709 - Remitente: Vulners Team <sales@vulners.com>
[ALERTA SPOOFING] 2025-03-18 22:43:35.567707 - Remitente: Vulners Team <sales@vulners.com>
[ALERTA SPOOFING] 2025-03-18 22:43:36.242977 - Remitente: Vulners Team <sales@vulners.com>
[ALERTA SPOOFING] 2025-03-18 22:43:41.586204 - Remitente: Celia Chao Martínez <celiachao2000@gmail.com>
[ALERTA SPOOFING] 2025-03-18 22:43:41.877798 - Remitente: Celia Chao <celiachaomartinz@icloud.com>
[ALERTA SPOOFING] 2025-03-18 22:43:42.083040 - Remitente: celiachao2000@gmail.com
[ALERTA SPOOFING] 2025-03-18 22:43:42.285549 - Remitente: celiachao2000@gmail.com
[ALERTA SPOOFING] 2025-03-18 22:43:42.531840 - Remitente: Google <no-reply@google.com>
[ALERTA SPOOFING] 2025-03-18 22:43:42.736191 - Remitente: Vulners Database <noreply@vulners.com>
[ALERTA SPOOFING] 2025-03-18 22:43:42.963912 - Remitente: Vulners Team <sales@vulners.com>
[ALERTA SPOOFING] 2025-03-18 22:43:43.203708 - Remitente: Vulners Team <sales@vulners.com>
[ALERTA SPOOFING] 2025-03-18 22:43:43.805556 - Remitente: Vulners Team <sales@vulners.com>
[ALERTA SPOOFING] 2025-03-18 22:48:30.087780 - Remitente: Celia Chao Martínez <celiachao2000@gmail.com>
[ALERTA SPOOFING] 2025-03-18 22:48:30.377704 - Remitente: Celia Chao <celiachaomartinz@icloud.com>
[ALERTA SPOOFING] 2025-03-18 22:48:30.669560 - Remitente: celiachao2000@gmail.com
[ALERTA SPOOFING] 2025-03-18 22:48:30.937560 - Remitente: celiachao2000@gmail.com
[ALERTA SPOOFING] 2025-03-18 22:48:31.250599 - Remitente: Google <no-reply@google.com>
[ALERTA SPOOFING] 2025-03-18 22:48:31.434513 - Remitente: Vulners Database <noreply@vulners.com>
[ALERTA SPOOFING] 2025-03-18 22:48:31.716264 - Remitente: Vulners Team <sales@vulners.com>
[ALERTA SPOOFING] 2025-03-18 22:48:31.992595 - Remitente: Vulners Team <sales@vulners.com>
[ALERTA SPOOFING] 2025-03-18 22:48:32.780613 - Remitente: Vulners Team <sales@vulners.com>
[ALERTA SPOOFING] 2025-03-18 22:48:34.149052 - Remitente: Celia Chao Martínez <celiachao2000@gmail.com>
[ALERTA SPOOFING] 2025-03-18 22:48:34.320428 - Remitente: Celia Chao <celiachaomartinz@icloud.com>
[ALERTA SPOOFING] 2025-03-18 22:48:34.485661 - Remitente: celiachao2000@gmail.com
[ALERTA SPOOFING] 2025-03-18 22:48:34.736162 - Remitente: celiachao2000@gmail.com
[ALERTA SPOOFING] 2025-03-18 22:48:34.993518 - Remitente: Google <no-reply@google.com>
[ALERTA SPOOFING] 2025-03-18 22:48:35.260882 - Remitente: Vulners Database <noreply@vulners.com>
[ALERTA SPOOFING] 2025-03-18 22:48:35.555782 - Remitente: Vulners Team <sales@vulners.com>
[ALERTA SPOOFING] 2025-03-18 22:48:35.799535 - Remitente: Vulners Team <sales@vulners.com>
[ALERTA SPOOFING] 2025-03-18 22:48:36.534317 - Remitente: Vulners Team <sales@vulners.com>
[ALERTA SPOOFING] 2025-03-18 22:48:45.915301 - Remitente: Celia Chao Martínez <celiachao2000@gmail.com>
[ALERTA SPOOFING] 2025-03-18 22:48:46.192245 - Remitente: Celia Chao <celiachaomartinz@icloud.com>
[ALERTA SPOOFING] 2025-03-18 22:48:46.368803 - Remitente: celiachao2000@gmail.com
[ALERTA SPOOFING] 2025-03-18 22:48:46.552162 - Remitente: celiachao2000@gmail.com
[ALERTA SPOOFING] 2025-03-18 22:48:46.869498 - Remitente: Google <no-reply@google.com>
[ALERTA SPOOFING] 2025-03-18 22:48:47.155350 - Remitente: Vulners Database <noreply@vulners.com>
[ALERTA SPOOFING] 2025-03-18 22:48:47.413105 - Remitente: Vulners Team <sales@vulners.com>
[ALERTA SPOOFING] 2025-03-18 22:48:47.711034 - Remitente: Vulners Team <sales@vulners.com>
[ALERTA SPOOFING] 2025-03-18 22:48:48.363274 - Remitente: Vulners Team <sales@vulners.com>
[ALERTA SPOOFING] 2025-03-18 23:01:25.158154 - Remitente: Celia Chao Martínez <celiachao2000@gmail.com>
[ALERTA SPOOFING] 2025-03-18 23:01:25.472746 - Remitente: Celia Chao <celiachaomartinz@icloud.com>
[ALERTA SPOOFING] 2025-03-18 23:01:25.712744 - Remitente: celiachao2000@gmail.com
[ALERTA SPOOFING] 2025-03-18 23:01:25.958864 - Remitente: celiachao2000@gmail.com
[ALERTA SPOOFING] 2025-03-18 23:01:26.287901 - Remitente: Google <no-reply@google.com>
[ALERTA SPOOFING] 2025-03-18 23:01:26.603903 - Remitente: Vulners Database <noreply@vulners.com>
[ALERTA SPOOFING] 2025-03-18 23:01:26.898899 - Remitente: Vulners Team <sales@vulners.com>
[ALERTA SPOOFING] 2025-03-18 23:01:27.211898 - Remitente: Vulners Team <sales@vulners.com>
[ALERTA SPOOFING] 2025-03-18 23:01:28.298300 - Remitente: Vulners Team <sales@vulners.com>
[ALERTA SPOOFING] 2025-03-18 23:01:30.521316 - Remitente: Celia Chao Martínez <celiachao2000@gmail.com>
[ALERTA SPOOFING] 2025-03-18 23:01:30.996394 - Remitente: Celia Chao <celiachaomartinz@icloud.com>
[ALERTA SPOOFING] 2025-03-18 23:01:31.461013 - Remitente: celiachao2000@gmail.com
[ALERTA SPOOFING] 2025-03-18 23:01:31.713756 - Remitente: celiachao2000@gmail.com
[ALERTA SPOOFING] 2025-03-18 23:01:32.080198 - Remitente: Google <no-reply@google.com>
[ALERTA SPOOFING] 2025-03-18 23:01:32.391342 - Remitente: Vulners Database <noreply@vulners.com>
[ALERTA SPOOFING] 2025-03-18 23:01:32.639618 - Remitente: Vulners Team <sales@vulners.com>
[ALERTA SPOOFING] 2025-03-18 23:01:32.964890 - Remitente: Vulners Team <sales@vulners.com>
[ALERTA SPOOFING] 2025-03-18 23:01:33.898302 - Remitente: Vulners Team <sales@vulners.com>
[ALERTA SPOOFING] 2025-03-18 23:01:35.904751 - Remitente: Celia Chao Martínez <celiachao2000@gmail.com>
[ALERTA SPOOFING] 2025-03-18 23:01:36.168393 - Remitente: Celia Chao <celiachaomartinz@icloud.com>
[ALERTA SPOOFING] 2025-03-18 23:01:36.404783 - Remitente: celiachao2000@gmail.com
[ALERTA SPOOFING] 2025-03-18 23:01:36.589324 - Remitente: celiachao2000@gmail.com
[ALERTA SPOOFING] 2025-03-18 23:01:36.838570 - Remitente: Google <no-reply@google.com>
[ALERTA SPOOFING] 2025-03-18 23:01:37.097311 - Remitente: Vulners Database <noreply@vulners.com>
[ALERTA SPOOFING] 2025-03-18 23:01:37.338816 - Remitente: Vulners Team <sales@vulners.com>
[ALERTA SPOOFING] 2025-03-18 23:01:37.597522 - Remitente: Vulners Team <sales@vulners.com>
[ALERTA SPOOFING] 2025-03-18 23:01:38.239268 - Remitente: Vulners Team <sales@vulners.com>
